62   check_my_hash_with_merged:
63     test: |
64       compare(vars.my_hash_with_merged, {a: 1, b: 2, c: 3})