

1) testdata/book/runn_1_fail.yml ab13ba1e546838ceafa17f91ab3220102f397b2e
  Failure/Error: dummy

4 scenarios, 0 skipped, 1 failure
